# 
# HOW TO READ A CORPUS MAPFILE
# 
# The corpus mapfile is written by the sorted bins method. It consists
# of five tab-separated columns with the following meaning: 
# 
# [1] The first column contains the 0-based line (sentence) number in
#     the destination, that is sorted, bin.
# 
# [2] The second column denotes the 1-based chunk number and 1-based
#     line (sentence) within chunk number, where a sentence can be found
#     in a bin.
# 
# [3] The third column contains the 0-based original line (sentence) 
#     number. It is used to restore the original ordering after decoding. 
# 
# [4] The fourth column shows the width, in words, of the sentence from
#     the plain corpus. The width includes by-lines and punctuation, so
#     it may not be the most accurate one. 
# 
# [5] The final column contains a ASCII-graphical representation of the
#     sentence width. It is solely intended for the human reader.
# 
0	1:1	262	5	###########
1	1:2	17	9	####################
2	1:3	22	10	######################
3	1:4	83	11	#########################
4	1:5	95	12	###########################
5	1:6	51	13	#############################
6	1:7	42	14	################################
7	1:8	209	14	################################
8	1:9	105	15	##################################
9	1:10	65	16	####################################
10	1:11	261	16	####################################
11	1:12	182	17	######################################
12	1:13	64	18	#########################################
13	1:14	237	18	#########################################
14	1:15	80	19	###########################################
15	1:16	267	19	###########################################
16	2:1	108	6	#############
17	2:2	23	9	####################
18	2:3	44	10	######################
19	2:4	85	11	#########################
20	2:5	111	12	###########################
21	2:6	62	13	#############################
22	2:7	63	14	################################
23	2:8	214	14	################################
24	2:9	117	15	##################################
25	2:10	100	16	####################################
26	2:11	1	17	######################################
27	2:12	183	17	######################################
28	2:13	97	18	#########################################
29	2:14	240	18	#########################################
30	2:15	86	19	###########################################
31	2:16	270	19	###########################################
32	3:1	136	6	#############
33	3:2	25	9	####################
34	3:3	46	10	######################
35	3:4	107	11	#########################
36	3:5	126	12	###########################
37	3:6	75	13	#############################
38	3:7	66	14	################################
39	3:8	215	14	################################
40	3:9	148	15	##################################
41	3:10	101	16	####################################
42	3:11	9	17	######################################
43	3:12	202	17	######################################
44	3:13	103	18	#########################################
45	3:14	249	18	#########################################
46	3:15	91	19	###########################################
47	3:16	274	19	###########################################
48	4:1	246	6	#############
49	4:2	29	9	####################
50	4:3	60	10	######################
51	4:4	116	11	#########################
52	4:5	135	12	###########################
53	4:6	82	13	#############################
54	4:7	67	14	################################
55	4:8	220	14	################################
56	4:9	152	15	##################################
57	4:10	109	16	####################################
58	4:11	12	17	######################################
59	4:12	203	17	######################################
60	4:13	106	18	#########################################
61	4:14	251	18	#########################################
62	4:15	102	19	###########################################
63	4:16	275	19	###########################################
64	5:1	20	7	################
65	5:2	79	9	####################
66	5:3	143	10	######################
67	5:4	134	11	#########################
68	5:5	163	12	###########################
69	5:6	88	13	#############################
70	5:7	69	14	################################
71	5:8	221	14	################################
72	5:9	159	15	##################################
73	5:10	112	16	####################################
74	5:11	36	17	######################################
75	5:12	206	17	######################################
76	5:13	110	18	#########################################
77	5:14	263	18	#########################################
78	5:15	114	19	###########################################
79	5:16	201	20	#############################################
80	6:1	34	7	################
81	6:2	92	9	####################
82	6:3	155	10	######################
83	6:4	138	11	#########################
84	6:5	171	12	###########################
85	6:6	90	13	#############################
86	6:7	72	14	################################
87	6:8	224	14	################################
88	6:9	172	15	##################################
89	6:10	123	16	####################################
90	6:11	40	17	######################################
91	6:12	207	17	######################################
92	6:13	121	18	#########################################
93	6:14	272	18	#########################################
94	6:15	125	19	###########################################
95	6:16	243	21	################################################
96	7:1	73	7	################
97	7:2	113	9	####################
98	7:3	165	10	######################
99	7:4	150	11	#########################
100	7:5	173	12	###########################
101	7:6	99	13	#############################
102	7:7	74	14	################################
103	7:8	245	14	################################
104	7:9	191	15	##################################
105	7:10	145	16	####################################
106	7:11	68	17	######################################
107	7:12	212	17	######################################
108	7:13	122	18	#########################################
109	7:14	0	19	###########################################
110	7:15	129	19	###########################################
111	8:1	146	7	################
112	8:2	119	9	####################
113	8:3	178	10	######################
114	8:4	162	11	#########################
115	8:5	216	12	###########################
116	8:6	115	13	#############################
117	8:7	87	14	################################
118	8:8	266	14	################################
119	8:9	196	15	##################################
120	8:10	147	16	####################################
121	8:11	77	17	######################################
122	8:12	225	17	######################################
123	8:13	142	18	#########################################
124	8:14	4	19	###########################################
125	8:15	133	19	###########################################
126	9:1	250	7	################
127	9:2	137	9	####################
128	9:3	186	10	######################
129	9:4	187	11	#########################
130	9:5	217	12	###########################
131	9:6	127	13	#############################
132	9:7	96	14	################################
133	9:8	271	14	################################
134	9:9	197	15	##################################
135	9:10	157	16	####################################
136	9:11	81	17	######################################
137	9:12	231	17	######################################
138	9:13	166	18	#########################################
139	9:14	5	19	###########################################
140	9:15	139	19	###########################################
141	10:1	255	7	################
142	10:2	141	9	####################
143	10:3	236	10	######################
144	10:4	193	11	#########################
145	10:5	227	12	###########################
146	10:6	153	13	#############################
147	10:7	118	14	################################
148	10:8	273	14	################################
149	10:9	211	15	##################################
150	10:10	168	16	####################################
151	10:11	84	17	######################################
152	10:12	264	17	######################################
153	10:13	170	18	#########################################
154	10:14	6	19	###########################################
155	10:15	149	19	###########################################
156	11:1	24	8	##################
157	11:2	158	9	####################
158	11:3	242	10	######################
159	11:4	218	11	#########################
160	11:5	230	12	###########################
161	11:6	156	13	#############################
162	11:7	128	14	################################
163	11:8	11	15	##################################
164	11:9	239	15	##################################
165	11:10	180	16	####################################
166	11:11	98	17	######################################
167	11:12	269	17	######################################
168	11:13	177	18	#########################################
169	11:14	14	19	###########################################
170	11:15	151	19	###########################################
171	12:1	28	8	##################
172	12:2	164	9	####################
173	12:3	265	10	######################
174	12:4	223	11	#########################
175	12:5	233	12	###########################
176	12:6	181	13	#############################
177	12:7	130	14	################################
178	12:8	18	15	##################################
179	12:9	253	15	##################################
180	12:10	192	16	####################################
181	12:11	120	17	######################################
182	12:12	2	18	#########################################
183	12:13	179	18	#########################################
184	12:14	16	19	###########################################
185	12:15	161	19	###########################################
186	13:1	43	8	##################
187	13:2	222	9	####################
188	13:3	3	11	#########################
189	13:4	47	12	###########################
190	13:5	256	12	###########################
191	13:6	189	13	#############################
192	13:7	131	14	################################
193	13:8	32	15	##################################
194	13:9	257	15	##################################
195	13:10	208	16	####################################
196	13:11	124	17	######################################
197	13:12	13	18	#########################################
198	13:13	194	18	#########################################
199	13:14	21	19	###########################################
200	13:15	175	19	###########################################
201	14:1	94	8	##################
202	14:2	232	9	####################
203	14:3	8	11	#########################
204	14:4	54	12	###########################
205	14:5	260	12	###########################
206	14:6	190	13	#############################
207	14:7	140	14	################################
208	14:8	33	15	##################################
209	14:9	10	16	####################################
210	14:10	228	16	####################################
211	14:11	132	17	######################################
212	14:12	37	18	#########################################
213	14:13	195	18	#########################################
214	14:14	27	19	###########################################
215	14:15	184	19	###########################################
216	15:1	176	8	##################
217	15:2	238	9	####################
218	15:3	19	11	#########################
219	15:4	57	12	###########################
220	15:5	7	13	#############################
221	15:6	199	13	#############################
222	15:7	144	14	################################
223	15:8	39	15	##################################
224	15:9	31	16	####################################
225	15:10	235	16	####################################
226	15:11	154	17	######################################
227	15:12	38	18	#########################################
228	15:13	200	18	#########################################
229	15:14	35	19	###########################################
230	15:15	188	19	###########################################
231	16:1	185	8	##################
232	16:2	241	9	####################
233	16:3	41	11	#########################
234	16:4	61	12	###########################
235	16:5	26	13	#############################
236	16:6	213	13	#############################
237	16:7	160	14	################################
238	16:8	70	15	##################################
239	16:9	50	16	####################################
240	16:10	254	16	####################################
241	16:11	167	17	######################################
242	16:12	49	18	#########################################
243	16:13	205	18	#########################################
244	16:14	48	19	###########################################
245	16:15	234	19	###########################################
246	17:1	219	8	##################
247	17:2	247	9	####################
248	17:3	55	11	#########################
249	17:4	89	12	###########################
250	17:5	30	13	#############################
251	17:6	268	13	#############################
252	17:7	198	14	################################
253	17:8	71	15	##################################
254	17:9	53	16	####################################
255	17:10	258	16	####################################
256	17:11	169	17	######################################
257	17:12	56	18	#########################################
258	17:13	210	18	#########################################
259	17:14	52	19	###########################################
260	17:15	244	19	###########################################
261	18:1	229	8	##################
262	18:2	252	9	####################
263	18:3	76	11	#########################
264	18:4	93	12	###########################
265	18:5	45	13	#############################
266	18:6	15	14	################################
267	18:7	204	14	################################
268	18:8	104	15	##################################
269	18:9	58	16	####################################
270	18:10	259	16	####################################
271	18:11	174	17	######################################
272	18:12	59	18	#########################################
273	18:13	226	18	#########################################
274	18:14	78	19	###########################################
275	18:15	248	19	###########################################
